// Jest Snapshot v1, https://goo.gl/fbAQLP

exports[`Product tests renders correctly 1`] = `
<div
  className="MuiPaper-root MuiPaper-outlined MuiPaper-rounded"
>
  <h4
    className="MuiTypography-root MuiTypography-h4"
  >
    Choose a category
  </h4>
  <ul
    className="MuiList-root MuiList-padding"
  >
    <li
      className="MuiListItem-root MuiListItem-gutters"
      disabled={false}
      onClick={[Function]}
    >
      <button
        className="MuiButtonBase-root MuiButton-root MuiButton-outlined"
        disabled={false}
        onBlur={[Function]}
        onDragLeave={[Function]}
        onFocus={[Function]}
        onKeyDown={[Function]}
        onKeyUp={[Function]}
        onMouseDown={[Function]}
        onMouseLeave={[Function]}
        onMouseUp={[Function]}
        onTouchEnd={[Function]}
        onTouchMove={[Function]}
        onTouchStart={[Function]}
        tabIndex={0}
        type="button"
      >
        <span
          className="MuiButton-label"
        >
          Category One
        </span>
      </button>
    </li>
    <li
      className="MuiListItem-root MuiListItem-gutters"
      disabled={false}
      onClick={[Function]}
    >
      <button
        className="MuiButtonBase-root MuiButton-root MuiButton-outlined"
        disabled={false}
        onBlur={[Function]}
        onDragLeave={[Function]}
        onFocus={[Function]}
        onKeyDown={[Function]}
        onKeyUp={[Function]}
        onMouseDown={[Function]}
        onMouseLeave={[Function]}
        onMouseUp={[Function]}
        onTouchEnd={[Function]}
        onTouchMove={[Function]}
        onTouchStart={[Function]}
        tabIndex={0}
        type="button"
      >
        <span
          className="MuiButton-label"
        >
          Category Two 
        </span>
      </button>
    </li>
    <li
      className="MuiListItem-root MuiListItem-gutters"
      disabled={false}
      onClick={[Function]}
    >
      <button
        className="MuiButtonBase-root MuiButton-root MuiButton-outlined"
        disabled={false}
        onBlur={[Function]}
        onDragLeave={[Function]}
        onFocus={[Function]}
        onKeyDown={[Function]}
        onKeyUp={[Function]}
        onMouseDown={[Function]}
        onMouseLeave={[Function]}
        onMouseUp={[Function]}
        onTouchEnd={[Function]}
        onTouchMove={[Function]}
        onTouchStart={[Function]}
        tabIndex={0}
        type="button"
      >
        <span
          className="MuiButton-label"
        >
          Category Three
        </span>
      </button>
    </li>
    <li
      className="MuiListItem-root MuiListItem-gutters"
      disabled={false}
      onClick={[Function]}
    >
      <button
        className="MuiButtonBase-root MuiButton-root MuiButton-outlined"
        disabled={false}
        onBlur={[Function]}
        onDragLeave={[Function]}
        onFocus={[Function]}
        onKeyDown={[Function]}
        onKeyUp={[Function]}
        onMouseDown={[Function]}
        onMouseLeave={[Function]}
        onMouseUp={[Function]}
        onTouchEnd={[Function]}
        onTouchMove={[Function]}
        onTouchStart={[Function]}
        tabIndex={0}
        type="button"
      >
        <span
          className="MuiButton-label"
        >
          Category Four
        </span>
      </button>
    </li>
  </ul>
  <h5
    className="MuiTypography-root MuiTypography-h5"
  >
    Selected category: 
    No category selected
  </h5>
</div>
`;
