// Jest Snapshot v1, https://goo.gl/fbAQLP

exports[`Product tests renders correctly 1`] = `
<div
  className="makeStyles-productsRoot-1"
>
  <div
    className="MuiPaper-root MuiPaper-outlined MuiPaper-rounded"
  >
    <h4
      className="MuiTypography-root MuiTypography-h4"
      id="product-title"
    >
      Products
    </h4>
    <ul
      className="MuiList-root MuiList-padding"
    />
  </div>
</div>
`;
